[oklumi.com/index.html]
[oklumi.com/cdn/shop/files/Oklumi_Favicon_Ok-402-02f004.png]
[backblue.gif]
[fade.gif]
[index.html]
[oklumi.com/cdn/shop/files/Oklumi_Logo_Header367c.png]
[oklumi.com/cdn/shop/t/1/assets/constants3bed.js]
[oklumi.com/cdn/shop/t/1/assets/pubsub4d62.js]
[oklumi.com/cdn/shop/t/1/assets/global7fc4.js]
[oklumi.com/cdn/shop/t/1/assets/animations802c.js]
[oklumi.com/checkouts/internal/preloadsc494.js]
[oklumi.com/modules/chunk.common_a0168284.esm.js]
[cdn.shopify.com/shopifycloud/storefront-recaptcha-v3/v0.6/index.js]
[oklumi.com/cdn/shopifycloud/shopify/assets/storefront/load_feature-9f951eb7d8d53973c719de211f807d63af81c644e5b9a6ae72661ac408d472f6.js]
[oklumi.com/cdn/shopifycloud/shopify/assets/shopify_pay/storefront-a2d444786d996da5634fbbaeeffe6104ee672440dfa6cdcaebfb27dceaaf9c0fb805.js]
[oklumi.com/cdn/shopifycloud/shopify/assets/storefront/features-1c0b396bd4d054b94abae1eb6a1bd6ba47beb35525c57a217c77a862ff06d83f.js]
[oklumi.com/cdn/shop/t/1/compiled_assets/scripts2665.js]
[oklumi.com/cdn/fonts/montserrat/montserrat_n4.1d581f6d4bf1a97f4cbc0b88b933bc136d38d17897f6.woff2]
[oklumi.com/cdn/fonts/montserrat/montserrat_n4.cfce41a967758ce5a9b7d48daeb5b028fd977a9b2279.woff]
[oklumi.com/cdn/fonts/montserrat/montserrat_n7.c496e9cf2031deec4c4bca338faa81971c8631d48ad0.woff2]
[oklumi.com/cdn/fonts/montserrat/montserrat_n7.78b0223375c94b39ce1af7e09a0225f2bb3d05f7a708.woff]
[oklumi.com/cdn/fonts/montserrat/montserrat_i4.ae02483b3d5e8777d0d4a4ccf396482c364d895575e8.woff2]
[oklumi.com/cdn/fonts/montserrat/montserrat_i4.ba28d1a04ec09448de486d83c63235903dfc0af8d255.woff]
[oklumi.com/cdn/fonts/montserrat/montserrat_i7.83866c3eec90071fa974c17980ffb42977f9e6676ee0.woff2]
[oklumi.com/cdn/fonts/montserrat/montserrat_i7.25524241b12d864609c85325613d60efcf1a87e309d4.woff]
[oklumi.com/cdn/fonts/montserrat/montserrat_n6.7a3c341961dc23aaabcc116124b80f2a7abec1a25316.woff2]
[oklumi.com/cdn/fonts/montserrat/montserrat_n6.2c97c1a692c63ad09ab0635cb73b1939c5f417c0bd53.woff]
[oklumi.com/cdn/shop/t/1/assets/base0797.css]
[oklumi.com/cdn/shop/t/1/assets/component-localization-form6956.css]
[oklumi.com/cdn/shop/t/1/assets/localization-formdf7b.js]
[oklumi.com/cdn/shop/t/1/assets/component-predictive-searcha052.css]
[appsolve.io/sf/v1/assets/js/main/a6abb0-2.myshopify.com/1711757224/bundle.js]
[oklumi.com/POST]
[oklumi.com/cdn]
[oklumi.com/cdn/s/trekkie.storefront.edae546725afe9e67372986831ce229a1cb75365.min.js]
[oklumi.com/cdn/shopifycloud/shopify/assets/shop_events_listener-61fa9e0a912c675e178777d2b27f6cbd482f8912a6b0aa31fa3515985a8cd626.js]
[oklumi.com/cdn/shopifycloud/boomerang/shopify-boomerang-1.0.0.min.js]
[oklumi.com/cdn/shop/t/1/assets/component-slideshowce7f.css]
[oklumi.com/cdn/shop/t/1/assets/component-slidercc46.css]
[oklumi.com/cdn/shop/t/1/assets/component-list-social3331.css]
[oklumi.com/collections/frontpage.html]
[oklumi.com/cdn/shop/t/1/assets/component-list-menu4ff4.css]
[oklumi.com/cdn/shop/t/1/assets/component-search3b50.css]
[oklumi.com/cdn/shop/t/1/assets/component-menu-drawer79ae.css]
[oklumi.com/cdn/shop/t/1/assets/component-cart-notificationeb8b.css]
[oklumi.com/cdn/shop/t/1/assets/component-cart-itemsfc31.css]
[oklumi.com/cdn/shop/t/1/assets/component-price76a7.css]
[oklumi.com/cdn/shop/t/1/assets/component-loading-overlayba83.css]
[oklumi.com/cdn/shop/t/1/assets/component-mega-menua811.css]
[oklumi.com/cdn/shop/t/1/assets/details-disclosure680c.js]
[oklumi.com/cdn/shop/t/1/assets/details-modalaf0c.js]
[oklumi.com/cdn/shop/t/1/assets/cart-notification34b5.js]
[oklumi.com/cdn/shop/t/1/assets/search-form4df3.js]
[oklumi.com/products/oklumi-projector.html]
[oklumi.com/pages/contact.html]
[oklumi.com/cdn/shop/files/Oklumi_Logo_Headerc950.png]
[oklumi.com/cart.html]
[oklumi.com/cdn/shop/t/1/assets/section-image-bannerf804.css]
[oklumi.com/cdn/shop/files/pexels-roberto-nickson-31319715347.jpg]
[oklumi.com/collections/all.html]
[oklumi.com/cdn/shop/t/1/assets/component-card3e3a.css]
[oklumi.com/cdn/shop/t/1/assets/template-collectionfc93.css]
[oklumi.com/cdn/shop/t/1/assets/component-ratingb697.css]
[oklumi.com/cdn/shop/t/1/assets/component-volume-pricing44d4.css]
[oklumi.com/cdn/shop/files/120c5.png]
[oklumi.com/cdn/shop/files/220c5.png]
[oklumi.com/products/salange-projector-screen-16-9-metal-anti-light-curtain-reflective-fabric-cloth-for-yg300-xgimi-h3-halo-mogo-xiaomi-dlp-projector.html]
[oklumi.com/cdn/shop/files/S269f62258fd5461287101bf823e85cfbj_18f79.png]
[oklumi.com/cdn/shop/files/OklumiGIfb2c6.gif]
[oklumi.com/cdn/shop/t/1/assets/section-footerb6e9.css]
[oklumi.com/cdn/shop/t/1/assets/component-newsletter90f7.css]
[oklumi.com/cdn/shop/t/1/assets/component-list-payment228b.css]
[oklumi.com/cdn/shopifycloud/shop-js/modules/client.login-button_07798a5f.en.esm.js]
[oklumi.com/cdn/shopifycloud/shop-js/modules/chunk.common_a0168284.esm.js]
[oklumi.com/policies/refund-policy.html]
[oklumi.com/policies/privacy-policy.html]
[oklumi.com/policies/terms-of-service.html]
[oklumi.com/policies/shipping-policy.html]
[oklumi.com/policies/contact-information.html]
[oklumi.com/cdn/shop/t/1/assets/predictive-searcha6d7.js]
[oklumi.com/index.html]
[shop.app/checkouts/internal/preloadsc238.js]
[oklumi.com/modules/chunk.common_a0168284.esm.js]
[oklumi.com/cdn/shop/t/1/assets/sparkle.gif]
[oklumi.com/cdn/shop/t/1/assets/base0797.css]
[oklumi.com/cdn/shop/t/1/assets/component-localization-form6956.css]
[oklumi.com/cdn/shop/t/1/assets/component-predictive-searcha052.css]
[oklumi.com/POST.html]
[oklumi.com/cdn.html]
[oklumi.com/cdn/shop/t/1/assets/component-slideshowce7f.css]
[oklumi.com/cdn/shop/t/1/assets/component-slidercc46.css]
[oklumi.com/cdn/shop/t/1/assets/component-list-social3331.css]
[oklumi.com/collections/frontpage.atom]
[oklumi.com/collections/frontpage.oembed]
[oklumi.com/collections/modules/chunk.common_a0168284.esm.js]
[oklumi.com/collections/POST]
[oklumi.com/cdn/shop/t/1/assets/component-collection-herodf71.css]
[oklumi.com/cdn/shop/t/1/assets/component-facets3620.css]
[oklumi.com/cdn/shop/t/1/assets/facetsc738.js]
[oklumi.com/cdn/shop/t/1/assets/component-show-more5e11.css]
[oklumi.com/cdn/shop/t/1/assets/show-more0ca4.js]
[oklumi.com/collections/frontpage.html]
[oklumi.com/cdn/shop/t/1/assets/component-list-menu4ff4.css]
[oklumi.com/cdn/shop/t/1/assets/component-search3b50.css]
[oklumi.com/cdn/shop/t/1/assets/component-menu-drawer79ae.css]
[oklumi.com/cdn/shop/t/1/assets/component-cart-notificationeb8b.css]
[oklumi.com/cdn/shop/t/1/assets/component-cart-itemsfc31.css]
[oklumi.com/cdn/shop/t/1/assets/component-price76a7.css]
[oklumi.com/cdn/shop/t/1/assets/component-loading-overlayba83.css]
[oklumi.com/cdn/shop/t/1/assets/component-mega-menua811.css]
[oklumi.com/cdn/shop/files/S269f62258fd5461287101bf823e85cfbj_10301.png]
[oklumi.com/products/oklumi-projector.oembed]
[oklumi.com/products/modules/chunk.common_a0168284.esm.99.delayed]
[oklumi.com/cdn/shop/files/OklumiGIf70cc.gif]
[oklumi.com/cdn/shop/files/OklumiBTWIFI_1fa32555-db8c-42a9-bead-a5f4b6c791ecb8cd.png]
[oklumi.com/cdn/shop/files/Salange-HY300-Android-11-0-Mini-Projector-LED-Beamer-Home-Cinema-200ANSI-720P-WIFI-Smart-TV_pngb8cd.jpg]
[oklumi.com/cdn/shop/files/Salange-HY300-Android-11-0-Mini-Projector-LED-Beamer-Home-Cinema-200ANSI-720P-WIFI-Smart-TV.png_640x640_4cf757f6-274e-4c20-b936-24f840d6ddfdb8cd.png]
[oklumi.com/cdn/shop/files/Sc41c72e3ed3147249c9dc74bd5e09420nb8cd.jpg]
[oklumi.com/products/POST]
[oklumi.com/cdn/shop/t/1/assets/section-main-productbc8f.css]
[oklumi.com/cdn/shop/t/1/assets/component-accordiona8ca.css]
[oklumi.com/cdn/shop/t/1/assets/component-deferred-media8358.css]
[oklumi.com/cdn/shop/t/1/assets/product-info1e6b.js]
[oklumi.com/cdn/shop/t/1/assets/product-formc204.js]
[oklumi.com/cdn/shop/files/OklumiBTWIFI_1fa32555-db8c-42a9-bead-a5f4b6c791ec4662.png]
[oklumi.com/cdn/shop/files/S269f62258fd5461287101bf823e85cfbj_191b2.png]
[oklumi.com/cdn/shop/files/OklumiGIf3548.gif]
[oklumi.com/cdn/shop/files/Salange-HY300-Android-11-0-Mini-Projector-LED-Beamer-Home-Cinema-200ANSI-720P-WIFI-Smart-TV_png4662.jpg]
[oklumi.com/cdn/shop/files/Salange-HY300-Android-11-0-Mini-Projector-LED-Beamer-Home-Cinema-200ANSI-720P-WIFI-Smart-TV.png_640x640_4cf757f6-274e-4c20-b936-24f840d6ddfd4662.png]
[oklumi.com/cdn/shop/files/Sc41c72e3ed3147249c9dc74bd5e09420n4662.jpg]
[oklumi.com/cdn/shop/files/Se1a0291fcda7458d83de7664a005772dp4662.jpg]
[oklumi.com/cdn/shop/files/OklumiBTWIFI_1fa32555-db8c-42a9-bead-a5f4b6c791ec58c2.png]
[oklumi.com/cdn/shop/files/S269f62258fd5461287101bf823e85cfbj_1128f.png]
[oklumi.com/cdn/shop/files/OklumiGIf9a2a.gif]
[oklumi.com/cdn/shop/files/Salange-HY300-Android-11-0-Mini-Projector-LED-Beamer-Home-Cinema-200ANSI-720P-WIFI-Smart-TV_png58c2.jpg]
[oklumi.com/cdn/shop/files/Salange-HY300-Android-11-0-Mini-Projector-LED-Beamer-Home-Cinema-200ANSI-720P-WIFI-Smart-TV.png_640x640_4cf757f6-274e-4c20-b936-24f840d6ddfd58c2.png]
[oklumi.com/cdn/shop/files/Sc41c72e3ed3147249c9dc74bd5e09420n58c2.jpg]
[oklumi.com/cdn/shop/files/Se1a0291fcda7458d83de7664a005772dp58c2.jpg]
[oklumi.com/cdn/shop/t/1/assets/component-pickup-availability3da7.css]
[oklumi.com/cdn/shop/t/1/assets/pickup-availability02e5.js]
[oklumi.com/cdn/shop/t/1/assets/share62da.js]
[oklumi.com/cdn/shop/files/OklumiBTWIFI_1fa32555-db8c-42a9-bead-a5f4b6c791ecddb4.png]
[oklumi.com/cdn/shop/files/S269f62258fd5461287101bf823e85cfbj_12640.png]
[oklumi.com/cdn/shop/files/OklumiGIf7c26.gif]
[oklumi.com/cdn/shop/files/Salange-HY300-Android-11-0-Mini-Projector-LED-Beamer-Home-Cinema-200ANSI-720P-WIFI-Smart-TV_pngddb4.jpg]
[oklumi.com/cdn/shop/files/Salange-HY300-Android-11-0-Mini-Projector-LED-Beamer-Home-Cinema-200ANSI-720P-WIFI-Smart-TV.png_640x640_4cf757f6-274e-4c20-b936-24f840d6ddfdddb4.png]
[oklumi.com/cdn/shop/files/Sc41c72e3ed3147249c9dc74bd5e09420nddb4.jpg]
[oklumi.com/cdn/shop/files/Se1a0291fcda7458d83de7664a005772dpddb4.jpg]
[oklumi.com/cdn/shop/t/1/assets/product-modal146a.js]
[oklumi.com/cdn/shop/t/1/assets/media-gallery109f.js]
[oklumi.com/cdn/shop/t/1/assets/component-image-with-text99d7.css]
[oklumi.com/products/Trident/index.html]
[oklumi.com/cdn/shop/files/S317934b760b0424f972e4f4a3dad077e6cced.png]
[oklumi.com/cdn/shop/files/Salange-HY300-Smart-Projector-Android-11-0-MINI-Portable-5G-WIFI-Home-Cinema-720P-for-SAMSUNG_jpg_e9ff0f05-a933-4784-bb28-32ca0a14070ac3ef.png]
[oklumi.com/cdn/shop/files/Sf1f89bd43422444987a6aede3f203ea3a_f214e8cf-a132-4b5d-a847-221596fad6b478d1.jpg]
[oklumi.com/cdn/shop/files/S9d0fe35981c94480a3bfde82757c9137f_9242c663-cda5-41e2-9b90-e25333fb5f46aedb.png]
[oklumi.com/cdn/shop/files/Salange-HY300-Android-11-0-Mini-Projector-LED-Beamer-Home-Cinema-200ANSI-720P-WIFI-Smart-TV_jpg35d2.png]
[oklumi.com/cdn/shop/t/1/assets/collapsible-content191c.css]
[oklumi.com/products/oklumi-projector.html]
[oklumi.com/pages/modules/chunk.common_a0168284.esm.js]
[oklumi.com/pages/POST]
[oklumi.com/cdn/shop/t/1/assets/section-main-page478e.css]
[oklumi.com/cdn/shop/t/1/assets/section-contact-form2fa2.css]
[oklumi.com/pages/contact.html]
[oklumi.com/cdn/shop/t/1/assets/component-cart1ff7.css]
[oklumi.com/cdn/shop/t/1/assets/component-totals4ea2.css]
[oklumi.com/cdn/shop/t/1/assets/component-discounts1845.css]
[oklumi.com/cdn/shop/t/1/assets/quantity-popoverf0f1.css]
[oklumi.com/cdn/shop/t/1/assets/cart899d.js]
[oklumi.com/cart.html]
[oklumi.com/cdn/shop/t/1/assets/section-image-bannerf804.css]
[oklumi.com/cdn/shop/t/1/assets/quantity-popoverf9d5.js]
[oklumi.com/Trident/index.html]
[oklumi.com/collections/all.atom]
[oklumi.com/collections/all.html]
[oklumi.com/cdn/shop/t/1/assets/component-card3e3a.css]
[oklumi.com/cdn/shop/t/1/assets/template-collectionfc93.css]
[oklumi.com/cdn/shop/t/1/assets/component-ratingb697.css]
[oklumi.com/cdn/shop/t/1/assets/component-volume-pricing44d4.css]
[oklumi.com/cdn/shop/files/1ffc5.png]
[oklumi.com/products/salange-projector-screen-16-9-metal-anti-light-curtain-reflective-fabric-cloth-for-yg300-xgimi-h3-halo-mogo-xiaomi-dlp-projector.oembed]
[oklumi.com/cdn/shop/files/2ffc5.png]
[oklumi.com/cdn/shop/files/3ffc5.png]
[oklumi.com/cdn/shop/files/4ffc5.png]
[oklumi.com/cdn/shop/files/5f51c.png]
[oklumi.com/cdn/shop/files/1a331.png]
[oklumi.com/cdn/shop/files/2a331.png]
[oklumi.com/cdn/shop/files/3a331.png]
[oklumi.com/cdn/shop/files/4a331.png]
[oklumi.com/cdn/shop/files/512f5.png]
[oklumi.com/cdn/shop/files/612f5.png]
[oklumi.com/cdn/shop/files/195b0.png]
[oklumi.com/cdn/shop/files/295b0.png]
[oklumi.com/cdn/shop/files/395b0.png]
[oklumi.com/cdn/shop/files/495b0.png]
[oklumi.com/cdn/shop/files/52a44.png]
[oklumi.com/cdn/shop/files/62a44.png]
[oklumi.com/cdn/shop/files/10a7d.png]
[oklumi.com/cdn/shop/files/20a7d.png]
[oklumi.com/cdn/shop/files/30a7d.png]
[oklumi.com/cdn/shop/files/40a7d.png]
[oklumi.com/cdn/shop/files/5497e.png]
[oklumi.com/cdn/shop/files/6497e.png]
[ae01.alicdn.com/kf/A6e0c04faff284c03b552766a97d2cafaX.jpg]
[ae01.alicdn.com/kf/A8175159eb21444e3a1eefd2e619505bdH.jpg]
[ae01.alicdn.com/kf/Af30ed5c0305b41a7805f4403a77b7d9fg.jpg]
[ae01.alicdn.com/kf/Af455af64f970417ab1818843f57aed7bX.jpg]
[ae01.alicdn.com/kf/Ae3714577a2e64a01998875258f6062695.jpg]
[ae01.alicdn.com/kf/A7b285edae265461885358e772ebc284b6.jpg]
[oklumi.com/products/salange-projector-screen-16-9-metal-anti-light-curtain-reflective-fabric-cloth-for-yg300-xgimi-h3-halo-mogo-xiaomi-dlp-projector.html]
[oklumi.com/cdn/shop/t/1/assets/section-footerb6e9.css]
[oklumi.com/cdn/shop/t/1/assets/component-newsletter90f7.css]
[oklumi.com/cdn/shop/t/1/assets/component-list-payment228b.css]
[oklumi.com/cdn/shopifycloud/shopify/assets/storefront/policy-3e4aa3c07a3a61780d16bc4b828d2fef9e1a20a44aae36e029a7b98e5ee5a4d0.css]
[oklumi.com/policies/modules/chunk.common_a0168284.esm.js]
[oklumi.com/policies/POST]
[oklumi.com/policies/refund-policy.html]
[oklumi.com/policies/privacy-policy.html]
[oklumi.com/policies/terms-of-service.html]
[oklumi.com/policies/shipping-policy.html]
[oklumi.com/policies/contact-information.html]
[oklumi.com/collections/modules/chunk.common_a0168284.esm.js]
[oklumi.com/collections/POST.html]
[oklumi.com/cdn/shop/t/1/assets/component-collection-herodf71.css]
[oklumi.com/cdn/shop/t/1/assets/component-facets3620.css]
[oklumi.com/cdn/shop/t/1/assets/component-show-more5e11.css]
[oklumi.com/products/modules/chunk.common_a0168284.esm.js]
[oklumi.com/products/POST.html]
[oklumi.com/cdn/shop/t/1/assets/section-main-productbc8f.css]
[oklumi.com/cdn/shop/t/1/assets/component-accordiona8ca.css]
[oklumi.com/cdn/shop/t/1/assets/component-deferred-media8358.css]
[oklumi.com/cdn/shop/t/1/assets/component-pickup-availability3da7.css]
[oklumi.com/products/Trident/index.html]
[oklumi.com/cdn/shop/t/1/assets/component-image-with-text99d7.css]
[oklumi.com/cdn/shop/t/1/assets/collapsible-content191c.css]
[oklumi.com/pages/modules/chunk.common_a0168284.esm.js]
[oklumi.com/pages/POST.html]
[oklumi.com/cdn/shop/t/1/assets/section-main-page478e.css]
[oklumi.com/cdn/shop/t/1/assets/section-contact-form2fa2.css]
[oklumi.com/cdn/shop/t/1/assets/component-cart1ff7.css]
[oklumi.com/cdn/shop/t/1/assets/component-totals4ea2.css]
[oklumi.com/cdn/shop/t/1/assets/component-discounts1845.css]
[oklumi.com/cdn/shop/t/1/assets/quantity-popoverf0f1.css]
[oklumi.com/Trident/index.html]
[oklumi.com/cdn/shopifycloud/shopify/assets/storefront/policy-3e4aa3c07a3a61780d16bc4b828d2fef9e1a20a44aae36e029a7b98e5ee5a4d0.css]
[oklumi.com/policies/modules/chunk.common_a0168284.esm.js]
[oklumi.com/policies/POST.html]
